задание: 2.1.3
проект: 211-command-usb
устройство: 2e8a:000a
серийный номер: 50031519385FA20C
порт: COM7
начало: 2026-10-02T23:34:40
   0.000 --> mem_info
   0.162 <-- mem_info
   0.163 <-- dbg read_line:108 got mem_info
   0.164 <-- area       start      end            size
   0.165 <-- flash      0x10000000 0x10200000  2097152
   0.166 <-- sram       0x20000000 0x20042000   270336
   0.166 <-- rom        0x00000000 0x00004000    16384
   0.167 <-- image      0x10000000 0x100083f0    33776
   0.168 <-- free       0x100083f0 0x10200000  2063376
   0.169 <-- boot2      0x10000000 0x10000100      256
   0.170 <-- text       0x10000100 0x10007400    29440
   0.171 <-- data flash 0x10007400 0x100083f0     4080
   0.171 <-- data ram   0x200000c0 0x200010b0     4080
   0.172 <-- bss        0x200010b0 0x20001cec     3132
   0.173 <-- heap       0x20001cec 0x20040000   254740
   0.173 <-- stack      0x20041800 0x20042000     2048
   0.173 <-- total
   0.174 <-- flash image    33776 = boot2 256 + text 29440 + data 4080
   0.175 <-- flash free   2063376 of 2097152
   0.175 <-- ram used        7212 = data 4080 + bss 3132
   0.176 <-- ram free      254740 for heap and 2048 for stack
итог: отправлено команд 1, принято строк 20
