задание: 2.1.1
проект: 211-command-usb
устройство: 2e8a:000a
серийный номер: 50031519385FA20C
порт: COM7
начало: 2026-10-01T23:37:36
   0.000 --> enable
   0.132 <-- enable
   0.133 <-- dbg read_line:65 got enable
   0.133 <-- inf handle_command:31 led on
   2.159 --> disable
   2.312 <-- disable
   2.313 <-- dbg read_line:65 got disable
   2.314 <-- inf handle_command:36 led off
   4.330 --> info
   4.413 <-- info
   4.413 <-- dbg read_line:65 got info
   4.414 <-- project: 211-command-usb
   4.414 <-- repo: https://github.com/AntonAKomarov/es-student
   4.415 <-- board: pico
   4.415 <-- serial: 50031519385FA20C
   4.416 <-- chip: manufacturer 0x927, part 0x0002, revision 2
   4.416 <-- pico-sdk: 2.3.0
   6.436 --> nosuchcommand
   6.714 <-- nosuchcommand
   6.715 <-- dbg read_line:65 got nosuchcommand
   6.716 <-- err handle_command:49 unknown command: nosuchcommand
итог: отправлено команд 4, принято строк 17
